drv_lcdModule.c:68:6:spiWrite	16	static
drv_lcdModule.c:73:6:writeCommand	16	static
drv_lcdModule.c:81:6:writeData	16	static
drv_lcdModule.c:89:6:setAddrWindow	24	static
drv_lcdModule.c:109:6:drawPixel	16	static
drv_lcdModule.c:126:6:fillCircleHelper	40	static
drv_lcdModule.c:161:6:drawCircleHelper	40	static
drv_lcdModule.c:205:6:drawChar	40	static
drv_lcdModule.c:242:6:ILI9341_begin	16	static
drv_lcdModule.c:400:6:ILI9341_drawCircle	40	static
drv_lcdModule.c:433:6:ILI9341_fillCircle	32	static
drv_lcdModule.c:439:6:ILI9341_drawLine	48	static
drv_lcdModule.c:480:6:ILI9341_drawRect	24	static
drv_lcdModule.c:489:6:ILI9341_fillRect	32	static
drv_lcdModule.c:511:6:ILI9341_fillScreen	24	static
drv_lcdModule.c:518:6:ILI9341_invertDisplay	16	static
drv_lcdModule.c:522:6:ILI9341_drawRoundRect	32	static
drv_lcdModule.c:535:6:ILI9341_fillRoundRect	32	static
drv_lcdModule.c:545:6:ILI9341_drawTriangle	32	static
drv_lcdModule.c:552:6:ILI9341_fillTriangle	72	static
drv_lcdModule.c:629:6:ILI9341_setTextSize	16	static
drv_lcdModule.c:633:6:ILI9341_setTextColor	16	static
drv_lcdModule.c:639:6:ILI9341_setTextBgColor	16	static
drv_lcdModule.c:645:6:ILI9341_setTextWrap	16	static
drv_lcdModule.c:649:6:ILI9341_setCursor	16	static
drv_lcdModule.c:654:10:ILI9341_getCursorX	4	static
drv_lcdModule.c:658:10:ILI9341_getCursorY	4	static
drv_lcdModule.c:662:6:ILI9341_write	32	static
drv_lcdModule.c:680:6:ILI9341_getTextBounds	32	static
drv_lcdModule.c:722:6:ILI9341_cp437	16	static
drv_lcdModule.c:726:10:ILI9341_width	4	static
drv_lcdModule.c:730:10:ILI9341_height	4	static
drv_lcdModule.c:734:6:ILI9341_pushColor	16	static
drv_lcdModule.c:743:6:ILI9341_drawFastVLine	32	static
drv_lcdModule.c:764:6:ILI9341_drawFastHLine	32	static
drv_lcdModule.c:783:10:ILI9341_color565	16	static
drv_lcdModule.c:795:6:ILI9341_setRotation	16	static
drv_lcdModule.c:822:10:ILI9341_getRotation	4	static
drv_lcdModule.c:827:6:ILI9341_writeString	24	static
drv_lcdModule.c:835:6:ILI9341_writeStringCentered	16	static
drv_lcdModule.c:841:6:ILI9341_drawBorder	40	static
drv_lcdModule.c:849:6:ILI9341_display2LineText	40	dynamic
drv_lcdModule.c:868:6:ILI9341_Load	16	static
drv_lcdModule.c:876:6:ILI9341_Handler	8	static
drv_lcdModule.c:929:6:ILI9341_displayTime	32	static
drv_lcdModule.c:965:6:ILI9341_displayDate	40	static
